MySQL Shell 8.0.22

Copyright (c) 2016, 2020, Oracle and/or its affiliates.
Oracle is a registered trademark of Oracle Corporation and/or its affiliates.
Other names may be trademarks of their respective owners.

Type '\help' or '\?' for help; '\quit' to exit.
 MySQL  JS > \sql
Switching to SQL mode... Commands end with ;
 MySQL  SQL > \connect --mc root@localhsot
Creating a Classic session to 'root@localhsot'
Please provide the password for 'root@localhsot': ****
MySQL Error 2005 (HY000): Unknown MySQL server host 'localhsot' (2)
 MySQL  SQL >
 MySQL  SQL > \connect --mc root@localhost
Creating a Classic session to 'root@localhost'
Please provide the password for 'root@localhost': ****
Save password for 'root@localhost'? [Y]es/[N]o/Ne[v]er (default No): No
Fetching schema names for autocompletion... Press ^C to stop.
Your MySQL connection id is 8
Server version: 8.0.22 MySQL Community Server - GPL
No default schema selected; type \use <schema> to set one.
 MySQL  localhost:3306 ssl  SQL > show databases;
+--------------------+
| Database           |
+--------------------+
| empresa            |
| empresa_tbd        |
| empresay           |
| hospital           |
| information_schema |
| mysql              |
| performance_schema |
| sakila             |
| sys                |
| tbd_e1             |
| tbd_e2             |
| tbd_e3             |
| world              |
+--------------------+
13 rows in set (0.0018 sec)
 MySQL  localhost:3306 ssl  SQL > use hospital;
Default schema set to `hospital`.
Fetching table and column names from `hospital` for auto-completion... Press ^C to stop.
 MySQL  localhost:3306 ssl  hospital  SQL > show tables;
+----------------------------+
| Tables_in_hospital         |
+----------------------------+
| cuartos                    |
| cuentas_pacientes          |
| cuentas_pacientes_detalles |
| direcciones                |
| direcciones_empleados      |
| direcciones_pacientes      |
| empleados                  |
| formas_pago                |
| formas_pago_pacientes      |
| pacientes                  |
| registro_pacientes         |
+----------------------------+
11 rows in set (0.0030 sec)
 MySQL  localhost:3306 ssl  hospital  SQL > show create table pacientes;
+-----------+--------------------------------------------------------------------------------------------------------------------------------------------------------------------------------------------------------------------------------------------------------------------------------------------------------------------------------------------------------------------------------------------------------------------------------------------------------------------------------------------------------------------------------------------------------------------------------------------------------------------------------------------------------------------------------------------------+
| Table     | Create Table




                                                                                       |
+-----------+--------------------------------------------------------------------------------------------------------------------------------------------------------------------------------------------------------------------------------------------------------------------------------------------------------------------------------------------------------------------------------------------------------------------------------------------------------------------------------------------------------------------------------------------------------------------------------------------------------------------------------------------------------------------------------------------------+
| pacientes | CREATE TABLE `pacientes` (
  `paciente_id` int NOT NULL AUTO_INCREMENT,
  `nombre` varchar(50) NOT NULL,
  `apellido_pat` varchar(50) NOT NULL,
  `apellido_mat` varchar(50) NOT NULL,
  `fecha_nacimiento` date NOT NULL,
  `peso` decimal(4,2) NOT NULL,
  `altura` decimal(4,2) NOT NULL,
  `numero_seguro_social` varchar(11) NOT NULL,
  `genero` enum('masculino','femenino') DEFAULT NULL,
  `telefono_casa` varchar(10) DEFAULT NULL,
  `telefono_trabajo` varchar(10) DEFAULT NULL,
  `telefono_movil` varchar(10) DEFAULT NULL,
  `otros` varchar(50) DEFAULT NULL,
  PRIMARY KEY (`paciente_id`)
) ENGINE=InnoDB AUTO_INCREMENT=59 DEFAULT CHARSET=utf8mb4 COLLATE=utf8mb4_0900_ai_ci |
+-----------+--------------------------------------------------------------------------------------------------------------------------------------------------------------------------------------------------------------------------------------------------------------------------------------------------------------------------------------------------------------------------------------------------------------------------------------------------------------------------------------------------------------------------------------------------------------------------------------------------------------------------------------------------------------------------------------------------+
1 row in set (0.0356 sec)
 MySQL  localhost:3306 ssl  hospital  SQL > show create table cuartos;
+---------+---------------------------------------------------------------------------------------------------------------------------------------------------------------------------------------------------------------------------------------------------------------------------------------------------------------------------------------------------------------------------------------------------------------------------------------------------------------------------------------------------------+
| Table   | Create Table



                    |
+---------+---------------------------------------------------------------------------------------------------------------------------------------------------------------------------------------------------------------------------------------------------------------------------------------------------------------------------------------------------------------------------------------------------------------------------------------------------------------------------------------------------------+
| cuartos | CREATE TABLE `cuartos` (
  `cuarto_id` int NOT NULL AUTO_INCREMENT,
  `paciente_id` int DEFAULT NULL,
  `numero_cuarto` int NOT NULL,
  `inicio_estadia` date NOT NULL,
  `fin_estadia` date DEFAULT NULL,
  PRIMARY KEY (`cuarto_id`),
  KEY `paciente_id` (`paciente_id`),
  CONSTRAINT `cuartos_ibfk_1` FOREIGN KEY (`paciente_id`) REFERENCES `pacientes` (`paciente_id`) ON DELETE RESTRICT ON UPDATE CASCADE
) ENGINE=InnoDB AUTO_INCREMENT=59 DEFAULT CHARSET=utf8mb4 COLLATE=utf8mb4_0900_ai_ci |
+---------+---------------------------------------------------------------------------------------------------------------------------------------------------------------------------------------------------------------------------------------------------------------------------------------------------------------------------------------------------------------------------------------------------------------------------------------------------------------------------------------------------------+
1 row in set (0.0030 sec)
 MySQL  localhost:3306 ssl  hospital  SQL > alter table cuartos drop constraint cuartos_ibfk_1;
Query OK, 0 rows affected (0.0716 sec)

Records: 0  Duplicates: 0  Warnings: 0
 MySQL  localhost:3306 ssl  hospital  SQL > show create table direcciones_pacientes;
+-----------------------+----------------------------------------------------------------------------------------------------------------------------------------------------------------------------------------------------------------------------------------------------------------------------------------------------------------------------------------------------------------------------------------------------------------------------------------------------------------------------------------------------------------------------------------------------------------------------------------------------------------------------------------------------------------------------------+
| Table                 | Create Table




                                                                                   |
+-----------------------+----------------------------------------------------------------------------------------------------------------------------------------------------------------------------------------------------------------------------------------------------------------------------------------------------------------------------------------------------------------------------------------------------------------------------------------------------------------------------------------------------------------------------------------------------------------------------------------------------------------------------------------------------------------------------------+
| direcciones_pacientes | CREATE TABLE `direcciones_pacientes` (
  `direccion_paciente_id` int NOT NULL AUTO_INCREMENT,
  `paciente_id` int NOT NULL,
  `direccion_id` int NOT NULL,
  PRIMARY KEY (`direccion_paciente_id`),
  KEY `paciente_id` (`paciente_id`),
  KEY `direccion_id` (`direccion_id`),
  CONSTRAINT `direcciones_pacientes_ibfk_1` FOREIGN KEY (`paciente_id`) REFERENCES `pacientes` (`paciente_id`) ON DELETE RESTRICT ON UPDATE CASCADE,
  CONSTRAINT `direcciones_pacientes_ibfk_2` FOREIGN KEY (`direccion_id`) REFERENCES `direcciones` (`direccion_id`) ON DELETE CASCADE ON UPDATE CASCADE
) ENGINE=InnoDB AUTO_INCREMENT=62 DEFAULT CHARSET=utf8mb4 COLLATE=utf8mb4_0900_ai_ci |
+-----------------------+----------------------------------------------------------------------------------------------------------------------------------------------------------------------------------------------------------------------------------------------------------------------------------------------------------------------------------------------------------------------------------------------------------------------------------------------------------------------------------------------------------------------------------------------------------------------------------------------------------------------------------------------------------------------------------+
1 row in set (0.0032 sec)
 MySQL  localhost:3306 ssl  hospital  SQL > alter table direcciones_pacientes drop constraint direcciones_pacientes_ibfk_1;
Query OK, 0 rows affected (0.0436 sec)

Records: 0  Duplicates: 0  Warnings: 0
 MySQL  localhost:3306 ssl  hospital  SQL > alter table direcciones_pacientes drop constraint direcciones_pacientes_ibfk_2;
Query OK, 0 rows affected (0.0457 sec)

Records: 0  Duplicates: 0  Warnings: 0
 MySQL  localhost:3306 ssl  hospital  SQL > show create table direcciones_empleados;
+-----------------------+-----------------------------------------------------------------------------------------------------------------------------------------------------------------------------------------------------------------------------------------------------------------------------------------------------------------------------------------------------------------------------------------------------------------------------------------------------------------------------------------------------------------------------------------------------------------------------------------------------------------------------------------------------------------------------------------+
| Table                 | Create Table




                                                                                          |
+-----------------------+-----------------------------------------------------------------------------------------------------------------------------------------------------------------------------------------------------------------------------------------------------------------------------------------------------------------------------------------------------------------------------------------------------------------------------------------------------------------------------------------------------------------------------------------------------------------------------------------------------------------------------------------------------------------------------------------+
| direcciones_empleados | CREATE TABLE `direcciones_empleados` (
  `direcciones_empleados_id` int NOT NULL AUTO_INCREMENT,
  `empleado_id` int NOT NULL,
  `direccion_id` int NOT NULL,
  PRIMARY KEY (`direcciones_empleados_id`),
  KEY `empleado_id` (`empleado_id`),
  KEY `direccion_id` (`direccion_id`),
  CONSTRAINT `direcciones_empleados_ibfk_1` FOREIGN KEY (`empleado_id`) REFERENCES `empleados` (`empleados_id`) ON DELETE RESTRICT ON UPDATE CASCADE,
  CONSTRAINT `direcciones_empleados_ibfk_2` FOREIGN KEY (`direccion_id`) REFERENCES `direcciones` (`direccion_id`) ON DELETE CASCADE ON UPDATE CASCADE
) ENGINE=InnoDB AUTO_INCREMENT=31 DEFAULT CHARSET=utf8mb4 COLLATE=utf8mb4_0900_ai_ci |
+-----------------------+-----------------------------------------------------------------------------------------------------------------------------------------------------------------------------------------------------------------------------------------------------------------------------------------------------------------------------------------------------------------------------------------------------------------------------------------------------------------------------------------------------------------------------------------------------------------------------------------------------------------------------------------------------------------------------------------+
1 row in set (0.0030 sec)
 MySQL  localhost:3306 ssl  hospital  SQL > alter table direcciones_empleados drop constraint direcciones_empleados_ibfk_1;
Query OK, 0 rows affected (0.0679 sec)

Records: 0  Duplicates: 0  Warnings: 0
 MySQL  localhost:3306 ssl  hospital  SQL > alter table direcciones_empleados drop constraint direcciones_empleados_ibfk_2;
Query OK, 0 rows affected (0.0255 sec)

Records: 0  Duplicates: 0  Warnings: 0
 MySQL  localhost:3306 ssl  hospital  SQL > show create table registro_pacientes;
+--------------------+--------------------------------------------------------------------------------------------------------------------------------------------------------------------------------------------------------------------------------------------------------------------------------------------------------------------------------------------------------------------------------------------------------------------------------------------------------------------------------------------------------------------------------------------------------------------------------------------------------------------------------------------------------------------------------------------------------------------------------------------------------------------------------------------------------------------------------------------------------------------------------------------------------------------------------------------------------------------------------------------------------------------------------------------------------------------------------------------------------------------+
| Table              | Create Table








                  |
+--------------------+--------------------------------------------------------------------------------------------------------------------------------------------------------------------------------------------------------------------------------------------------------------------------------------------------------------------------------------------------------------------------------------------------------------------------------------------------------------------------------------------------------------------------------------------------------------------------------------------------------------------------------------------------------------------------------------------------------------------------------------------------------------------------------------------------------------------------------------------------------------------------------------------------------------------------------------------------------------------------------------------------------------------------------------------------------------------------------------------------------------------+
| registro_pacientes | CREATE TABLE `registro_pacientes` (
  `registro_paciente_id` int NOT NULL AUTO_INCREMENT,
  `paciente_id` int NOT NULL,
  `cuentas_pacientes_id` int NOT NULL,
  `registro_por_empleado_id` int NOT NULL,
  `fecha_admision` date NOT NULL,
  `condicion_medica` varchar(100) NOT NULL,
  `otros` varchar(50) DEFAULT NULL,
  PRIMARY KEY (`registro_paciente_id`),
  KEY `paciente_id` (`paciente_id`),
  KEY `cuentas_pacientes_id` (`cuentas_pacientes_id`),
  KEY `registro_por_empleado_id` (`registro_por_empleado_id`),
  CONSTRAINT `registro_pacientes_ibfk_1` FOREIGN KEY (`paciente_id`) REFERENCES `pacientes` (`paciente_id`) ON DELETE RESTRICT ON UPDATE CASCADE,
  CONSTRAINT `registro_pacientes_ibfk_2` FOREIGN KEY (`cuentas_pacientes_id`) REFERENCES `cuentas_pacientes` (`cuentas_pacientes_id`) ON DELETE RESTRICT ON UPDATE RESTRICT,
  CONSTRAINT `registro_pacientes_ibfk_3` FOREIGN KEY (`registro_por_empleado_id`) REFERENCES `empleados` (`empleados_id`) ON DELETE RESTRICT ON UPDATE CASCADE
) ENGINE=InnoDB AUTO_INCREMENT=117 DEFAULT CHARSET=utf8mb4 COLLATE=utf8mb4_0900_ai_ci |
+--------------------+--------------------------------------------------------------------------------------------------------------------------------------------------------------------------------------------------------------------------------------------------------------------------------------------------------------------------------------------------------------------------------------------------------------------------------------------------------------------------------------------------------------------------------------------------------------------------------------------------------------------------------------------------------------------------------------------------------------------------------------------------------------------------------------------------------------------------------------------------------------------------------------------------------------------------------------------------------------------------------------------------------------------------------------------------------------------------------------------------------------------+
1 row in set (0.0040 sec)
 MySQL  localhost:3306 ssl  hospital  SQL > alter table registro_pacientes drop constraint registro_pacientes_ibfk_1;
Query OK, 0 rows affected (0.0534 sec)

Records: 0  Duplicates: 0  Warnings: 0
 MySQL  localhost:3306 ssl  hospital  SQL > alter table registro_pacientes drop constraint registro_pacientes_ibfk_2;
Query OK, 0 rows affected (0.0596 sec)

Records: 0  Duplicates: 0  Warnings: 0
 MySQL  localhost:3306 ssl  hospital  SQL > alter table registro_pacientes drop constraint registro_pacientes_ibfk_3;
Query OK, 0 rows affected (0.0210 sec)

Records: 0  Duplicates: 0  Warnings: 0
 MySQL  localhost:3306 ssl  hospital  SQL > show create table cuentas_pacientes;
+-------------------+------------------------------------------------------------------------------------------------------------------------------------------------------------------------------------------------------------------------------------------------------------------------------------------------------------------------------------------------------------------------------------------------------------------------------------------------------------------------------------------------------------------------------------------------------------------------------------------------------------------------------------------------------------------------------------------------------------------------------------------------------------------------------+
| Table             | Create Table





                                                   |
+-------------------+------------------------------------------------------------------------------------------------------------------------------------------------------------------------------------------------------------------------------------------------------------------------------------------------------------------------------------------------------------------------------------------------------------------------------------------------------------------------------------------------------------------------------------------------------------------------------------------------------------------------------------------------------------------------------------------------------------------------------------------------------------------------------+
| cuentas_pacientes | CREATE TABLE `cuentas_pacientes` (
  `cuentas_pacientes_id` int NOT NULL AUTO_INCREMENT,
  `paciente_id` int NOT NULL,
  `forma_pago_pac_id` int NOT NULL,
  `fecha_emision` date NOT NULL,
  `otros` varchar(50) DEFAULT NULL,
  PRIMARY KEY (`cuentas_pacientes_id`),
  KEY `paciente_id` (`paciente_id`),
  KEY `forma_pago_pac_id` (`forma_pago_pac_id`),
  CONSTRAINT `cuentas_pacientes_ibfk_1` FOREIGN KEY (`paciente_id`) REFERENCES `pacientes` (`paciente_id`) ON DELETE RESTRICT ON UPDATE CASCADE,
  CONSTRAINT `cuentas_pacientes_ibfk_2` FOREIGN KEY (`forma_pago_pac_id`) REFERENCES `formas_pago_pacientes` (`forma_pago_pac_id`) ON DELETE RESTRICT ON UPDATE CASCADE
) ENGINE=InnoDB AUTO_INCREMENT=117 DEFAULT CHARSET=utf8mb4 COLLATE=utf8mb4_0900_ai_ci |
+-------------------+------------------------------------------------------------------------------------------------------------------------------------------------------------------------------------------------------------------------------------------------------------------------------------------------------------------------------------------------------------------------------------------------------------------------------------------------------------------------------------------------------------------------------------------------------------------------------------------------------------------------------------------------------------------------------------------------------------------------------------------------------------------------------+
1 row in set (0.0042 sec)
 MySQL  localhost:3306 ssl  hospital  SQL > alter table drop constraint cuentas_pacientes_ibfk_1;
ERROR: 1064 (42000): You have an error in your SQL syntax; check the manual that corresponds to your MySQL server version for the right syntax to use near 'drop constraint cuentas_pacientes_ibfk_1' at line 1
 MySQL  localhost:3306 ssl  hospital  SQL > alter table cuentas_pacientes drop constraint cuentas_pacientes_ibfk_1;
Query OK, 0 rows affected (0.0483 sec)

Records: 0  Duplicates: 0  Warnings: 0
 MySQL  localhost:3306 ssl  hospital  SQL > alter table cuentas_pacientes drop constraint cuentas_pacientes_ibfk_2;
Query OK, 0 rows affected (0.0624 sec)

Records: 0  Duplicates: 0  Warnings: 0
 MySQL  localhost:3306 ssl  hospital  SQL > show create table cuentas_pacientes_detalles;
+----------------------------+------------------------------------------------------------------------------------------------------------------------------------------------------------------------------------------------------------------------------------------------------------------------------------------------------------------------------------------------------------------------------------------------------------------------------------------------------------------------------------------------------------------------------------------------------------------------------------------------------------------------------------------------------+
| Table                      | Create Table




                                                            |
+----------------------------+------------------------------------------------------------------------------------------------------------------------------------------------------------------------------------------------------------------------------------------------------------------------------------------------------------------------------------------------------------------------------------------------------------------------------------------------------------------------------------------------------------------------------------------------------------------------------------------------------------------------------------------------------+
| cuentas_pacientes_detalles | CREATE TABLE `cuentas_pacientes_detalles` (
  `cuentas_pacientes_det_id` int NOT NULL AUTO_INCREMENT,
  `cuentas_pacientes_id` int NOT NULL,
  `detalle` varchar(50) DEFAULT 'Diagnostico',
  `cantidad` decimal(10,2) NOT NULL,
  `costo_total` decimal(12,2) NOT NULL,
  PRIMARY KEY (`cuentas_pacientes_det_id`),
  KEY `cuentas_pacientes_id` (`cuentas_pacientes_id`),
  CONSTRAINT `cuentas_pacientes_detalles_ibfk_1` FOREIGN KEY (`cuentas_pacientes_id`) REFERENCES `cuentas_pacientes` (`cuentas_pacientes_id`) ON DELETE RESTRICT ON UPDATE CASCADE
) ENGINE=InnoDB AUTO_INCREMENT=117 DEFAULT CHARSET=utf8mb4 COLLATE=utf8mb4_0900_ai_ci |
+----------------------------+------------------------------------------------------------------------------------------------------------------------------------------------------------------------------------------------------------------------------------------------------------------------------------------------------------------------------------------------------------------------------------------------------------------------------------------------------------------------------------------------------------------------------------------------------------------------------------------------------------------------------------------------------+
1 row in set (0.0031 sec)
 MySQL  localhost:3306 ssl  hospital  SQL > alter table cuentas_pacientes_detalles drop constraint cuentas_pacientes_detalles_ibfk_1;
Query OK, 0 rows affected (0.0214 sec)

Records: 0  Duplicates: 0  Warnings: 0
 MySQL  localhost:3306 ssl  hospital  SQL > show create table formas_pago_pacientes;
+-----------------------+---------------------------------------------------------------------------------------------------------------------------------------------------------------------------------------------------------------------------------------------------------------------------------------------------------------------------------------------------------------------------------------------------------------------------------------------------------------------------------------------------------------------------------------------------------------------------------------------------------------------------------------------------------------------------------------------------------------------------+
| Table                 | Create Table





    |
+-----------------------+---------------------------------------------------------------------------------------------------------------------------------------------------------------------------------------------------------------------------------------------------------------------------------------------------------------------------------------------------------------------------------------------------------------------------------------------------------------------------------------------------------------------------------------------------------------------------------------------------------------------------------------------------------------------------------------------------------------------------+
| formas_pago_pacientes | CREATE TABLE `formas_pago_pacientes` (
  `forma_pago_pac_id` int NOT NULL AUTO_INCREMENT,
  `paciente_id` int NOT NULL,
  `forma_pago_id` int DEFAULT NULL,
  `detalles` varchar(50) DEFAULT NULL,
  PRIMARY KEY (`forma_pago_pac_id`),
  KEY `paciente_id` (`paciente_id`),
  KEY `forma_pago_id` (`forma_pago_id`),
  CONSTRAINT `formas_pago_pacientes_ibfk_1` FOREIGN KEY (`paciente_id`) REFERENCES `pacientes` (`paciente_id`) ON DELETE RESTRICT ON UPDATE CASCADE,
  CONSTRAINT `formas_pago_pacientes_ibfk_2` FOREIGN KEY (`forma_pago_id`) REFERENCES `formas_pago` (`forma_pago_id`) ON DELETE RESTRICT ON UPDATE CASCADE
) ENGINE=InnoDB AUTO_INCREMENT=59 DEFAULT CHARSET=utf8mb4 COLLATE=utf8mb4_0900_ai_ci |
+-----------------------+---------------------------------------------------------------------------------------------------------------------------------------------------------------------------------------------------------------------------------------------------------------------------------------------------------------------------------------------------------------------------------------------------------------------------------------------------------------------------------------------------------------------------------------------------------------------------------------------------------------------------------------------------------------------------------------------------------------------------+
1 row in set (0.0021 sec)
 MySQL  localhost:3306 ssl  hospital  SQL > alter table formas_pago_pacientes drop constraint formas_pago_pacientes_ibfk_1;
Query OK, 0 rows affected (0.0213 sec)

Records: 0  Duplicates: 0  Warnings: 0
 MySQL  localhost:3306 ssl  hospital  SQL > alter table formas_pago_pacientes drop constraint formas_pago_pacientes_ibfk_2;
Query OK, 0 rows affected (0.0531 sec)

Records: 0  Duplicates: 0  Warnings: 0
 MySQL  localhost:3306 ssl  hospital  SQL > create table consecutivos(consecutivo int);
Query OK, 0 rows affected (0.0772 sec)
 MySQL  localhost:3306 ssl  hospital  SQL > insert into consecutivos value(1000);
Query OK, 1 row affected (0.0187 sec)
